// Jest Snapshot v1, https://goo.gl/fbAQLP

exports[`activeLogTimestamp reducer should return 0 as activeLogTimestamp 1`] = `"2018-05-13T00:00:00+02:00"`;

exports[`activeLogTimestamp reducer should set activeLogTimestamp to "active-timestamp" 1`] = `"active-timestamp"`;
