// Jest Snapshot v1, https://goo.gl/fbAQLP

exports[`ActivityForm actions should dispatch SHOW_NEXT_DATE with timestamp and activityTypes object 1`] = `
Array [
  Object {
    "activityTypes": Object {
      "Sport-Id": Object {
        "title": "Sport",
      },
    },
    "timestamp": "2018-02-12T00:00:00+01:00",
    "type": "logbook.ActivityCheckListHeader.SHOW_NEXT_DATE",
  },
]
`;

exports[`ActivityForm actions should dispatch SHOW_PREV_DATE with timestamp and activityTypes object 1`] = `
Array [
  Object {
    "timestamp": "2018-02-10T00:00:00+01:00",
    "type": "logbook.ActivityCheckListHeader.SHOW_PREV_DATE",
  },
]
`;
